---
source: crates/oc-pdf/src/dump.rs
expression: rendered
---
{"ir_version":1,"encrypted":false,"has_struct_tree":false,"outline":[],"pages":1,"permissions":{"annotate":true,"assemble":true,"copy":true,"modify":true,"print":true,"print_high_quality":true},"schema":"openconvert.dump.ingest/1","stage":"ingest"}
{"c_raw":{"A":1,"B":1},"class":"blank","class_confidence":0.50,"fonts":[{"embedded":false,"family_key":"helvetica","fixed_pitch":false,"id":0,"name":"Helvetica","serif":false,"symbolic":false,"type3":false}],"glyphs":[{"angle_deg":0.00,"bbox":{"x0":72.00,"x1":80.02,"y0":91.41,"y1":100.00},"ch":"A","fill":[0,0,0,255],"font":0,"generated":false,"hyphen_flag":false,"italic":false,"loose_bbox":{"x0":72.00,"x1":80.02,"y0":89.14,"y1":102.53},"origin":[72.00,100.00],"render_mode":0,"size_pt":12.00,"weight":400},{"angle_deg":0.00,"bbox":{"x0":80.88,"x1":87.37,"y0":91.41,"y1":100.00},"ch":"B","fill":[0,0,0,255],"font":0,"generated":false,"hyphen_flag":false,"italic":false,"loose_bbox":{"x0":80.00,"x1":88.01,"y0":89.14,"y1":102.53},"origin":[80.00,100.00],"render_mode":0,"size_pt":12.00,"weight":400}],"height_pt":800.00,"images":[],"index":0,"removed":[],"rotate":0,"width_pt":200.00}
