---
source: crates/openconvert/tests/epub.rs
expression: "format!(\"sha256={}\\nentries={:?}\\nbytes={}\",\ncommon::sha256_hex_of(built.built.bytes.as_slice()), built.paths(),\nbuilt.built.bytes.len())"
---
sha256=d4f42748861a7673d9519daa1e3c71abfd33f83f82abeb3c7a6609cdf0c4a74a
entries=["META-INF/container.xml", "content.opf", "images/cover.jpg", "mimetype", "nav.xhtml", "style.css", "text/c0001.xhtml", "text/cover.xhtml", "toc.ncx"]
bytes=96642
